// Jest Snapshot v1, https://goo.gl/fbAQLP

exports[`Site: Heading Basic Usage 1`] = `
Object {
  "docs": "Heading is an abstraction/style that can/is applied to HTML heading elements.",
  "html": "<h2 class=\\"drac-heading drac-heading-xl drac-text-white\\">
  The quick vampire jumps over the lazy human
</h2>
",
  "react": "<Heading>The quick vampire jumps over the lazy human</Heading>;
",
  "title": "Usage",
}
`;

exports[`Site: Heading Colors 1`] = `
Object {
  "docs": "Headings can be customized to use any of the Dracula UI theme colors, including all solid, gradient, and animated colors.",
  "html": "<div>
  <h2 class=\\"drac-heading drac-heading-xl drac-text-pink\\">pink</h2>
  <h2 class=\\"drac-heading drac-heading-xl drac-text-purple-cyan\\">purpleCyan</h2>
</div>
",
  "react": "<div>
  <Heading color=\\"pink\\">pink</Heading>
  <Heading color=\\"purpleCyan\\">purpleCyan</Heading>
</div>;
",
  "title": "Colors",
}
`;

exports[`Site: Heading Sizes 1`] = `
Object {
  "docs": "Heading sizes range from xs to 2xl using the Dracula UI font size scale.",
  "html": "<div>
  <h2 class=\\"drac-heading drac-heading-2xl drac-text-white\\">2xl</h2>
  <h2 class=\\"drac-heading drac-heading-xl drac-text-white\\">xl</h2>
  <h2 class=\\"drac-heading drac-heading-lg drac-text-white\\">lg</h2>
  <h2 class=\\"drac-heading drac-text-white\\">md</h2>
  <h2 class=\\"drac-heading drac-heading-sm drac-text-white\\">sm</h2>
  <h2 class=\\"drac-heading drac-heading-xs drac-text-white\\">xs</h2>
</div>
",
  "react": "<div>
  <Heading size=\\"2xl\\">2xl</Heading>
  <Heading size=\\"xl\\">xl</Heading>
  <Heading size=\\"lg\\">lg</Heading>
  <Heading size=\\"md\\">md</Heading>
  <Heading size=\\"sm\\">sm</Heading>
  <Heading size=\\"xs\\">xs</Heading>
</div>;
",
  "title": "Sizes",
}
`;

exports[`Site: Heading Tags 1`] = `
Object {
  "docs": "By default, every Heading is specified with the \`<h2>\` tag, but you can change that to better match your semantic needs.",
  "html": "<div>
  <h1 class=\\"drac-heading drac-heading-2xl drac-text-white\\">h1</h1>
  <h2 class=\\"drac-heading drac-heading-xl drac-text-white\\">h2</h2>
  <h3 class=\\"drac-heading drac-heading-lg drac-text-white\\">h3</h3>
  <h4 class=\\"drac-heading drac-text-white\\">h4</h4>
  <h5 class=\\"drac-heading drac-heading-sm drac-text-white\\">h5</h5>
  <h6 class=\\"drac-heading drac-heading-xs drac-text-white\\">h6</h6>
</div>
",
  "react": "<div>
  <Heading as=\\"h1\\" size=\\"2xl\\">
    h1
  </Heading>
  <Heading as=\\"h2\\" size=\\"xl\\">
    h2
  </Heading>
  <Heading as=\\"h3\\" size=\\"lg\\">
    h3
  </Heading>
  <Heading as=\\"h4\\" size=\\"md\\">
    h4
  </Heading>
  <Heading as=\\"h5\\" size=\\"sm\\">
    h5
  </Heading>
  <Heading as=\\"h6\\" size=\\"xs\\">
    h6
  </Heading>
</div>;
",
  "title": "Tags",
}
`;
