// Jest Snapshot v1, https://goo.gl/fbAQLP

exports[`Site: Heading Basic Usage 1`] = `
Object {
  "docs": "Heading is an abstraction/style that can/is applied to HTML heading elements.",
  "html": "<h1 class=\\"drac-heading drac-heading-1 drac-text-white\\">Heading</h1>
",
  "react": "<Heading>Heading</Heading>;
",
  "title": "Usage",
}
`;

exports[`Site: Heading Colors 1`] = `
Object {
  "docs": "Headings can be customized to use any of the Dracula UI theme colors, including all solid, gradient, and animated colors.",
  "html": "<div>
  <h1 class=\\"drac-heading drac-heading-1 drac-text-pink\\">pink</h1>
  <h1 class=\\"drac-heading drac-heading-1 drac-text-purple-cyan\\">purpleCyan</h1>
</div>
",
  "react": "<div>
  <Heading size=\\"heading-1\\" color=\\"pink\\">
    pink
  </Heading>
  <Heading size=\\"heading-1\\" color=\\"purpleCyan\\">
    purpleCyan
  </Heading>
</div>;
",
  "title": "Colors",
}
`;

exports[`Site: Heading Sizes 1`] = `
Object {
  "docs": "Each heading size is mapped directly to a specific h tag in HTML.",
  "html": "<div>
  <h1 class=\\"drac-heading drac-heading-1 drac-text-white\\">heading-1</h1>
  <h2 class=\\"drac-heading drac-heading-2 drac-text-white\\">heading-2</h2>
  <h3 class=\\"drac-heading drac-heading-3 drac-text-white\\">heading-3</h3>
  <h4 class=\\"drac-heading drac-heading-4 drac-text-white\\">heading-4</h4>
  <h5 class=\\"drac-heading drac-heading-5 drac-text-white\\">heading-5</h5>
  <h6 class=\\"drac-heading drac-heading-6 drac-text-white\\">heading-6</h6>
</div>
",
  "react": "<div>
  <Heading size=\\"heading-1\\">heading-1</Heading>
  <Heading size=\\"heading-2\\">heading-2</Heading>
  <Heading size=\\"heading-3\\">heading-3</Heading>
  <Heading size=\\"heading-4\\">heading-4</Heading>
  <Heading size=\\"heading-5\\">heading-5</Heading>
  <Heading size=\\"heading-6\\">heading-6</Heading>
</div>;
",
  "title": "Sizes",
}
`;
