// Jest Snapshot v1, https://goo.gl/fbAQLP

exports[`Heading heading-1 1`] = `
<h1
  className="drac-heading drac-heading-heading-1"
  size="heading-1"
>
  Hello World
</h1>
`;

exports[`Heading heading-2 1`] = `
<h2
  className="drac-heading drac-heading-heading-2"
  size="heading-2"
>
  Hello World
</h2>
`;

exports[`Heading heading-3 1`] = `
<h3
  className="drac-heading drac-heading-heading-3"
  size="heading-3"
>
  Hello World
</h3>
`;

exports[`Heading heading-4 1`] = `
<h4
  className="drac-heading drac-heading-heading-4"
  size="heading-4"
>
  Hello World
</h4>
`;
