// Jest Snapshot v1, https://goo.gl/fbAQLP

exports[`Site: Box Basic Usage 1`] = `
Object {
  "docs": "A Box is analogous to an HTML div and can contain any other component. Use Box when you want to compose layouts, or multiple components.",
  "html": "<div class=\\"drac-box\\">
  <span class=\\"drac-text drac-line-height drac-text-white\\">Dracula</span>
</div>
",
  "react": "<Box>
  <Text>Dracula</Text>
</Box>;
",
  "title": "Usage",
}
`;

exports[`Site: Box Colors 1`] = `
Object {
  "docs": "Boxes can be customized to use any of the Dracula UI theme colors, including all solid, gradient, and animated colors.",
  "html": "<div class=\\"drac-box drac-bg-pink-purple\\">
  <span class=\\"drac-text drac-line-height drac-text-black\\">Pink Purple</span>
</div>
",
  "react": "<Box color=\\"pinkPurple\\">
  <Text color=\\"black\\">Pink Purple</Text>
</Box>;
",
  "title": "Colors",
}
`;

exports[`Site: Box Display 1`] = `
Object {
  "docs": "Control the display type of an element.",
  "html": "<div class=\\"drac-box\\">
  <div
    class=\\"drac-box drac-bg-purple-cyan drac-d-inline-block drac-rounded-lg drac-p-xs drac-mr-xs\\"
  >
    <span class=\\"drac-text drac-line-height drac-text-black\\">1</span>
  </div>
  <div
    class=\\"drac-box drac-bg-purple-cyan drac-d-inline-block drac-rounded-lg drac-p-xs drac-mr-xs\\"
  >
    <span class=\\"drac-text drac-line-height drac-text-black\\">2</span>
  </div>
  <div
    class=\\"drac-box drac-bg-purple-cyan drac-d-inline-block drac-rounded-lg drac-p-xs drac-mr-xs\\"
  >
    <span class=\\"drac-text drac-line-height drac-text-black\\">3</span>
  </div>
</div>
",
  "react": "<Box>
  <Box color=\\"purpleCyan\\" display=\\"inline-block\\" rounded=\\"lg\\" p=\\"xs\\" mr=\\"xs\\">
    <Text color=\\"black\\">1</Text>
  </Box>
  <Box color=\\"purpleCyan\\" display=\\"inline-block\\" rounded=\\"lg\\" p=\\"xs\\" mr=\\"xs\\">
    <Text color=\\"black\\">2</Text>
  </Box>
  <Box color=\\"purpleCyan\\" display=\\"inline-block\\" rounded=\\"lg\\" p=\\"xs\\" mr=\\"xs\\">
    <Text color=\\"black\\">3</Text>
  </Box>
</Box>;
",
  "title": "Display",
}
`;

exports[`Site: Box Height 1`] = `
Object {
  "docs": "Set an element with a fixed height, including \`auto\` and \`full\`.",
  "html": "<div style=\\"display: flex; align-items: flex-end\\" class=\\"drac-box\\">
  <div
    class=\\"drac-box drac-h-xxs drac-bg-cyan-green drac-rounded-lg drac-p-xs drac-mr-xs\\"
  >
    <span class=\\"drac-text drac-line-height drac-text-black\\">xxs</span>
  </div>
  <div
    class=\\"drac-box drac-h-xs drac-bg-cyan-green drac-rounded-lg drac-p-xs drac-mr-xs\\"
  >
    <span class=\\"drac-text drac-line-height drac-text-black\\">xs</span>
  </div>
  <div
    class=\\"drac-box drac-h-sm drac-bg-cyan-green drac-rounded-lg drac-p-xs drac-mr-xs\\"
  >
    <span class=\\"drac-text drac-line-height drac-text-black\\">sm</span>
  </div>
  <div
    class=\\"drac-box drac-h-md drac-bg-cyan-green drac-rounded-lg drac-p-xs drac-mr-xs\\"
  >
    <span class=\\"drac-text drac-line-height drac-text-black\\">md</span>
  </div>
</div>
",
  "react": "<Box style={{ display: \\"flex\\", alignItems: \\"flex-end\\" }}>
  <Box color=\\"cyanGreen\\" height=\\"xxs\\" rounded=\\"lg\\" p=\\"xs\\" mr=\\"xs\\">
    <Text color=\\"black\\">xxs</Text>
  </Box>
  <Box color=\\"cyanGreen\\" height=\\"xs\\" rounded=\\"lg\\" p=\\"xs\\" mr=\\"xs\\">
    <Text color=\\"black\\">xs</Text>
  </Box>
  <Box color=\\"cyanGreen\\" height=\\"sm\\" rounded=\\"lg\\" p=\\"xs\\" mr=\\"xs\\">
    <Text color=\\"black\\">sm</Text>
  </Box>
  <Box color=\\"cyanGreen\\" height=\\"md\\" rounded=\\"lg\\" p=\\"xs\\" mr=\\"xs\\">
    <Text color=\\"black\\">md</Text>
  </Box>
</Box>;
",
  "title": "Height",
}
`;

exports[`Site: Box Rounded 1`] = `
Object {
  "docs": "Choose from one of the predefined \`rounded\` options for a Box.",
  "html": "<div class=\\"drac-box\\">
  <div class=\\"drac-box drac-bg-purple-cyan drac-rounded-lg drac-p-md\\">
    <span class=\\"drac-text drac-line-height drac-text-black\\"
      >Large round border</span
    >
  </div>
  <div class=\\"drac-box drac-bg-yellow-pink drac-rounded-sm drac-p-md\\">
    <span class=\\"drac-text drac-line-height drac-text-black\\"
      >small round border</span
    >
  </div>
</div>
",
  "react": "<Box>
  <Box rounded=\\"lg\\" color=\\"purpleCyan\\" p=\\"md\\">
    <Text color=\\"black\\">Large round border</Text>
  </Box>
  <Box rounded=\\"sm\\" color=\\"yellowPink\\" p=\\"md\\">
    <Text color=\\"black\\">small round border</Text>
  </Box>
</Box>;
",
  "title": "Rounded",
}
`;

exports[`Site: Box Scrollbar 1`] = `
Object {
  "docs": "Boxes come with primitive scrollbars, which allow you to customize the colors and shapes.",
  "html": "<div>
  <div class=\\"drac-box drac-scrollbar-purple drac-p-xs\\">
    <span class=\\"drac-text drac-line-height drac-text-black\\">xs padding</span>
  </div>
  <div class=\\"drac-box drac-scrollbar-pink drac-p-xs\\">
    <span class=\\"drac-text drac-line-height drac-text-black\\">xs padding</span>
  </div>
</div>
",
  "react": "<div>
  <Box scrollbar={true} p=\\"xs\\">
    <Text color=\\"black\\">xs padding</Text>
  </Box>
  <Box scrollbar=\\"pink\\" p=\\"xs\\">
    <Text color=\\"black\\">xs padding</Text>
  </Box>
</div>;
",
  "title": "Scrollbar",
}
`;

exports[`Site: Box Spacing 1`] = `
Object {
  "docs": "Boxes come with pre defined spacing primitives for padding and margin that allow for customizing the spacing inside and around boxes.",
  "html": "<div class=\\"drac-box\\">
  <div class=\\"drac-box drac-bg-yellow-pink drac-p-xs\\">
    <span class=\\"drac-text drac-line-height drac-text-black\\">xs padding</span>
  </div>
  <div class=\\"drac-box drac-bg-purple-cyan drac-p-sm\\">
    <span class=\\"drac-text drac-line-height drac-text-black\\">sm padding</span>
  </div>
  <div class=\\"drac-box drac-bg-pink-purple drac-p-md\\">
    <span class=\\"drac-text drac-line-height drac-text-black\\"
      >medium padding</span
    >
  </div>
  <div class=\\"drac-box drac-bg-yellow-pink drac-m-xs\\">
    <span class=\\"drac-text drac-line-height drac-text-black\\">xs margin</span>
  </div>
  <div class=\\"drac-box drac-bg-purple-cyan drac-m-sm\\">
    <span class=\\"drac-text drac-line-height drac-text-black\\">sm margin</span>
  </div>
  <div class=\\"drac-box drac-bg-pink-purple drac-m-md\\">
    <span class=\\"drac-text drac-line-height drac-text-black\\"
      >medium margin</span
    >
  </div>
</div>
",
  "react": "<Box>
  <Box color=\\"yellowPink\\" p=\\"xs\\">
    <Text color=\\"black\\">xs padding</Text>
  </Box>
  <Box color=\\"purpleCyan\\" p=\\"sm\\">
    <Text color=\\"black\\">sm padding</Text>
  </Box>
  <Box color=\\"pinkPurple\\" p=\\"md\\">
    <Text color=\\"black\\">medium padding</Text>
  </Box>
  <Box color=\\"yellowPink\\" m=\\"xs\\">
    <Text color=\\"black\\">xs margin</Text>
  </Box>
  <Box color=\\"purpleCyan\\" m=\\"sm\\">
    <Text color=\\"black\\">sm margin</Text>
  </Box>
  <Box color=\\"pinkPurple\\" m=\\"md\\">
    <Text color=\\"black\\">medium margin</Text>
  </Box>
</Box>;
",
  "title": "Spacing",
}
`;

exports[`Site: Box Width 1`] = `
Object {
  "docs": "Set an element with a fixed width, including \`auto\` and \`full\`.",
  "html": "<div class=\\"drac-box\\">
  <div
    class=\\"drac-box drac-w-xs drac-bg-yellow-pink drac-rounded-lg drac-p-xs drac-mb-xs\\"
  >
    <span class=\\"drac-text drac-line-height drac-text-black\\">xs</span>
  </div>
  <div
    class=\\"drac-box drac-w-md drac-bg-yellow-pink drac-rounded-lg drac-p-xs drac-mb-xs\\"
  >
    <span class=\\"drac-text drac-line-height drac-text-black\\">md</span>
  </div>
  <div
    class=\\"drac-box drac-w-xl drac-bg-yellow-pink drac-rounded-lg drac-p-xs drac-mb-xs\\"
  >
    <span class=\\"drac-text drac-line-height drac-text-black\\">xl</span>
  </div>
  <div
    class=\\"drac-box drac-w-full drac-bg-yellow-pink drac-rounded-lg drac-p-xs drac-mb-xs\\"
  >
    <span class=\\"drac-text drac-line-height drac-text-black\\">full</span>
  </div>
</div>
",
  "react": "<Box>
  <Box color=\\"yellowPink\\" width=\\"xs\\" rounded=\\"lg\\" p=\\"xs\\" mb=\\"xs\\">
    <Text color=\\"black\\">xs</Text>
  </Box>
  <Box color=\\"yellowPink\\" width=\\"md\\" rounded=\\"lg\\" p=\\"xs\\" mb=\\"xs\\">
    <Text color=\\"black\\">md</Text>
  </Box>
  <Box color=\\"yellowPink\\" width=\\"xl\\" rounded=\\"lg\\" p=\\"xs\\" mb=\\"xs\\">
    <Text color=\\"black\\">xl</Text>
  </Box>
  <Box color=\\"yellowPink\\" width=\\"full\\" rounded=\\"lg\\" p=\\"xs\\" mb=\\"xs\\">
    <Text color=\\"black\\">full</Text>
  </Box>
</Box>;
",
  "title": "Width",
}
`;
