// Jest Snapshot v1, https://goo.gl/fbAQLP

exports[`Site: Paragraph Basic Usage 1`] = `
Object {
  "docs": "Show a paragraph within an interface.",
  "html": "<p class=\\"drac-text drac-text-white\\">basic</p>
",
  "react": "<Paragraph>basic</Paragraph>;
",
  "title": "Usage",
}
`;

exports[`Site: Paragraph Colors 1`] = `
Object {
  "docs": "Paragraphs can be customized to use any of the Dracula UI theme colors.",
  "html": "<div class=\\"drac-box\\">
  <p color=\\"cyan\\" class=\\"drac-text drac-text-cyan\\">cyan</p>
  <p color=\\"green\\" class=\\"drac-text drac-text-green\\">green</p>
</div>
",
  "react": "<Box>
  <Paragraph color=\\"cyan\\">cyan</Paragraph>
  <Paragraph color=\\"green\\">green</Paragraph>
</Box>;
",
  "title": "Colors",
}
`;

exports[`Site: Paragraph Sizes 1`] = `
Object {
  "docs": "Paragraphs can be customize to use several different sizes.",
  "html": "<div class=\\"drac-box\\">
  <p class=\\"drac-text drac-text-xs drac-text-white\\">xsmall</p>
  <p class=\\"drac-text drac-text-sm drac-text-white\\">small</p>
  <p class=\\"drac-text drac-text-white\\">medium</p>
  <p class=\\"drac-text drac-text-lg drac-text-white\\">large</p>
</div>
",
  "react": "<Box>
  <Paragraph size=\\"xsmall\\">xsmall</Paragraph>
  <Paragraph size=\\"small\\">small</Paragraph>
  <Paragraph size=\\"medium\\">medium</Paragraph>
  <Paragraph size=\\"large\\">large</Paragraph>
</Box>;
",
  "title": "Sizes",
}
`;

exports[`Site: Paragraph Weights 1`] = `
Object {
  "docs": "Paragraphs can be defined in different font weights.",
  "html": "<div class=\\"drac-box\\">
  <p weight=\\"normal\\" class=\\"drac-text drac-text-white\\">normal</p>
  <p weight=\\"semibold\\" class=\\"drac-text drac-text-semibold drac-text-white\\">
    semibold
  </p>
  <p weight=\\"bold\\" class=\\"drac-text drac-text-bold drac-text-white\\">bold</p>
</div>
",
  "react": "<Box>
  <Paragraph weight=\\"normal\\">normal</Paragraph>
  <Paragraph weight=\\"semibold\\">semibold</Paragraph>
  <Paragraph weight=\\"bold\\">bold</Paragraph>
</Box>;
",
  "title": "Weights",
}
`;
