// Jest Snapshot v1, https://goo.gl/fbAQLP

exports[`Site: Paragraph Basic Usage 1`] = `
Object {
  "docs": "Show a paragraph within an interface.",
  "html": "<p class=\\"drac-text drac-line-height drac-text-white\\">basic</p>
",
  "react": "<Paragraph>basic</Paragraph>;
",
  "title": "Usage",
}
`;

exports[`Site: Paragraph Colors 1`] = `
Object {
  "docs": "Paragraphs can be customized to use any of the Dracula UI theme colors.",
  "html": "<div class=\\"drac-box\\">
  <p class=\\"drac-text drac-line-height drac-text-cyan\\">cyan</p>
  <p class=\\"drac-text drac-line-height drac-text-green\\">green</p>
</div>
",
  "react": "<Box>
  <Paragraph color=\\"cyan\\">cyan</Paragraph>
  <Paragraph color=\\"green\\">green</Paragraph>
</Box>;
",
  "title": "Colors",
}
`;

exports[`Site: Paragraph Line Height 1`] = `
Object {
  "docs": "Paragraphs can be controlled with different line heights.",
  "html": "<div class=\\"drac-box\\">
  <p class=\\"drac-text drac-line-height drac-text-red\\">none</p>
  <p class=\\"drac-text drac-line-height-none drac-text-white\\">
    Zombie ipsum reversus ab viral inferno, nam rick grimes malum cerebro. De
    carne lumbering animata corpora quaeritis. Summus brains sit​​, morbo vel
    maleficia? De apocalypsi gorger omero undead survivor dictum mauris. Hi
    mindless mortuis soulless creaturas, imo evil stalking monstra adventus resi
    dentevil vultus comedat cerebella viventium. Qui animated corpse, cricket
    bat max brucks terribilem incessu zomby. The voodoo sacerdos flesh eater,
    suscitat mortuos comedere carnem virus. Zonbi tattered for solum oculi eorum
    defunctis go lum cerebro.
  </p>
  <p class=\\"drac-text drac-line-height drac-text-orange\\">small</p>
  <p class=\\"drac-text drac-line-height-sm drac-text-white\\">
    Zombie ipsum reversus ab viral inferno, nam rick grimes malum cerebro. De
    carne lumbering animata corpora quaeritis. Summus brains sit​​, morbo vel
    maleficia? De apocalypsi gorger omero undead survivor dictum mauris. Hi
    mindless mortuis soulless creaturas, imo evil stalking monstra adventus resi
    dentevil vultus comedat cerebella viventium. Qui animated corpse, cricket
    bat max brucks terribilem incessu zomby. The voodoo sacerdos flesh eater,
    suscitat mortuos comedere carnem virus. Zonbi tattered for solum oculi eorum
    defunctis go lum cerebro.
  </p>
  <p class=\\"drac-text drac-line-height drac-text-yellow\\">normal</p>
  <p class=\\"drac-text drac-line-height drac-text-white\\">
    Zombie ipsum reversus ab viral inferno, nam rick grimes malum cerebro. De
    carne lumbering animata corpora quaeritis. Summus brains sit​​, morbo vel
    maleficia? De apocalypsi gorger omero undead survivor dictum mauris. Hi
    mindless mortuis soulless creaturas, imo evil stalking monstra adventus resi
    dentevil vultus comedat cerebella viventium. Qui animated corpse, cricket
    bat max brucks terribilem incessu zomby. The voodoo sacerdos flesh eater,
    suscitat mortuos comedere carnem virus. Zonbi tattered for solum oculi eorum
    defunctis go lum cerebro.
  </p>
  <p class=\\"drac-text drac-line-height drac-text-pink\\">medium</p>
  <p class=\\"drac-text drac-line-height-md drac-text-white\\">
    Zombie ipsum reversus ab viral inferno, nam rick grimes malum cerebro. De
    carne lumbering animata corpora quaeritis. Summus brains sit​​, morbo vel
    maleficia? De apocalypsi gorger omero undead survivor dictum mauris. Hi
    mindless mortuis soulless creaturas, imo evil stalking monstra adventus resi
    dentevil vultus comedat cerebella viventium. Qui animated corpse, cricket
    bat max brucks terribilem incessu zomby. The voodoo sacerdos flesh eater,
    suscitat mortuos comedere carnem virus. Zonbi tattered for solum oculi eorum
    defunctis go lum cerebro.
  </p>
  <p class=\\"drac-text drac-line-height drac-text-cyan\\">large</p>
  <p class=\\"drac-text drac-line-height-lg drac-text-white\\">
    Zombie ipsum reversus ab viral inferno, nam rick grimes malum cerebro. De
    carne lumbering animata corpora quaeritis. Summus brains sit​​, morbo vel
    maleficia? De apocalypsi gorger omero undead survivor dictum mauris. Hi
    mindless mortuis soulless creaturas, imo evil stalking monstra adventus resi
    dentevil vultus comedat cerebella viventium. Qui animated corpse, cricket
    bat max brucks terribilem incessu zomby. The voodoo sacerdos flesh eater,
    suscitat mortuos comedere carnem virus. Zonbi tattered for solum oculi eorum
    defunctis go lum cerebro.
  </p>
  <p class=\\"drac-text drac-line-height drac-text-green\\">xlarge</p>
  <p class=\\"drac-text drac-line-height-xl drac-text-white\\">
    Zombie ipsum reversus ab viral inferno, nam rick grimes malum cerebro. De
    carne lumbering animata corpora quaeritis. Summus brains sit​​, morbo vel
    maleficia? De apocalypsi gorger omero undead survivor dictum mauris. Hi
    mindless mortuis soulless creaturas, imo evil stalking monstra adventus resi
    dentevil vultus comedat cerebella viventium. Qui animated corpse, cricket
    bat max brucks terribilem incessu zomby. The voodoo sacerdos flesh eater,
    suscitat mortuos comedere carnem virus. Zonbi tattered for solum oculi eorum
    defunctis go lum cerebro.
  </p>
</div>
",
  "react": "<Box>
  <Paragraph color=\\"red\\">none</Paragraph>
  <Paragraph lineHeight=\\"none\\">
    Zombie ipsum reversus ab viral inferno, nam rick grimes malum cerebro. De
    carne lumbering animata corpora quaeritis. Summus brains sit​​, morbo vel
    maleficia? De apocalypsi gorger omero undead survivor dictum mauris. Hi
    mindless mortuis soulless creaturas, imo evil stalking monstra adventus resi
    dentevil vultus comedat cerebella viventium. Qui animated corpse, cricket
    bat max brucks terribilem incessu zomby. The voodoo sacerdos flesh eater,
    suscitat mortuos comedere carnem virus. Zonbi tattered for solum oculi eorum
    defunctis go lum cerebro.
  </Paragraph>
  <Paragraph color=\\"orange\\">small</Paragraph>
  <Paragraph lineHeight=\\"small\\">
    Zombie ipsum reversus ab viral inferno, nam rick grimes malum cerebro. De
    carne lumbering animata corpora quaeritis. Summus brains sit​​, morbo vel
    maleficia? De apocalypsi gorger omero undead survivor dictum mauris. Hi
    mindless mortuis soulless creaturas, imo evil stalking monstra adventus resi
    dentevil vultus comedat cerebella viventium. Qui animated corpse, cricket
    bat max brucks terribilem incessu zomby. The voodoo sacerdos flesh eater,
    suscitat mortuos comedere carnem virus. Zonbi tattered for solum oculi eorum
    defunctis go lum cerebro.
  </Paragraph>
  <Paragraph color=\\"yellow\\">normal</Paragraph>
  <Paragraph lineHeight=\\"normal\\">
    Zombie ipsum reversus ab viral inferno, nam rick grimes malum cerebro. De
    carne lumbering animata corpora quaeritis. Summus brains sit​​, morbo vel
    maleficia? De apocalypsi gorger omero undead survivor dictum mauris. Hi
    mindless mortuis soulless creaturas, imo evil stalking monstra adventus resi
    dentevil vultus comedat cerebella viventium. Qui animated corpse, cricket
    bat max brucks terribilem incessu zomby. The voodoo sacerdos flesh eater,
    suscitat mortuos comedere carnem virus. Zonbi tattered for solum oculi eorum
    defunctis go lum cerebro.
  </Paragraph>
  <Paragraph color=\\"pink\\">medium</Paragraph>
  <Paragraph lineHeight=\\"medium\\">
    Zombie ipsum reversus ab viral inferno, nam rick grimes malum cerebro. De
    carne lumbering animata corpora quaeritis. Summus brains sit​​, morbo vel
    maleficia? De apocalypsi gorger omero undead survivor dictum mauris. Hi
    mindless mortuis soulless creaturas, imo evil stalking monstra adventus resi
    dentevil vultus comedat cerebella viventium. Qui animated corpse, cricket
    bat max brucks terribilem incessu zomby. The voodoo sacerdos flesh eater,
    suscitat mortuos comedere carnem virus. Zonbi tattered for solum oculi eorum
    defunctis go lum cerebro.
  </Paragraph>
  <Paragraph color=\\"cyan\\">large</Paragraph>
  <Paragraph lineHeight=\\"large\\">
    Zombie ipsum reversus ab viral inferno, nam rick grimes malum cerebro. De
    carne lumbering animata corpora quaeritis. Summus brains sit​​, morbo vel
    maleficia? De apocalypsi gorger omero undead survivor dictum mauris. Hi
    mindless mortuis soulless creaturas, imo evil stalking monstra adventus resi
    dentevil vultus comedat cerebella viventium. Qui animated corpse, cricket
    bat max brucks terribilem incessu zomby. The voodoo sacerdos flesh eater,
    suscitat mortuos comedere carnem virus. Zonbi tattered for solum oculi eorum
    defunctis go lum cerebro.
  </Paragraph>
  <Paragraph color=\\"green\\">xlarge</Paragraph>
  <Paragraph lineHeight=\\"xlarge\\">
    Zombie ipsum reversus ab viral inferno, nam rick grimes malum cerebro. De
    carne lumbering animata corpora quaeritis. Summus brains sit​​, morbo vel
    maleficia? De apocalypsi gorger omero undead survivor dictum mauris. Hi
    mindless mortuis soulless creaturas, imo evil stalking monstra adventus resi
    dentevil vultus comedat cerebella viventium. Qui animated corpse, cricket
    bat max brucks terribilem incessu zomby. The voodoo sacerdos flesh eater,
    suscitat mortuos comedere carnem virus. Zonbi tattered for solum oculi eorum
    defunctis go lum cerebro.
  </Paragraph>
</Box>;
",
  "title": "Line Height",
}
`;

exports[`Site: Paragraph Sizes 1`] = `
Object {
  "docs": "Paragraphs can be customize to use several different sizes.",
  "html": "<div class=\\"drac-box\\">
  <p class=\\"drac-text drac-text-xs drac-line-height drac-text-white\\">xsmall</p>
  <p class=\\"drac-text drac-text-sm drac-line-height drac-text-white\\">small</p>
  <p class=\\"drac-text drac-line-height drac-text-white\\">medium</p>
  <p class=\\"drac-text drac-text-lg drac-line-height drac-text-white\\">large</p>
</div>
",
  "react": "<Box>
  <Paragraph size=\\"xsmall\\">xsmall</Paragraph>
  <Paragraph size=\\"small\\">small</Paragraph>
  <Paragraph size=\\"medium\\">medium</Paragraph>
  <Paragraph size=\\"large\\">large</Paragraph>
</Box>;
",
  "title": "Sizes",
}
`;

exports[`Site: Paragraph Weights 1`] = `
Object {
  "docs": "Paragraphs can be defined in different font weights.",
  "html": "<div class=\\"drac-box\\">
  <p class=\\"drac-text drac-line-height drac-text-white\\">normal</p>
  <p class=\\"drac-text drac-text-semibold drac-line-height drac-text-white\\">
    semibold
  </p>
  <p class=\\"drac-text drac-text-bold drac-line-height drac-text-white\\">bold</p>
</div>
",
  "react": "<Box>
  <Paragraph weight=\\"normal\\">normal</Paragraph>
  <Paragraph weight=\\"semibold\\">semibold</Paragraph>
  <Paragraph weight=\\"bold\\">bold</Paragraph>
</Box>;
",
  "title": "Weights",
}
`;
