// Jest Snapshot v1, https://goo.gl/fbAQLP

exports[`Site: Divider Basic Usage 1`] = `
Object {
  "docs": "",
  "html": "<div style=\\"padding: 3rem\\">
  <hr color=\\"purple\\" class=\\"drac-divider drac-border-purple\\" />
</div>
",
  "react": "<div style={{...}}>
  <Divider color=\\"purple\\" />
</div>",
  "title": "Usage",
}
`;

exports[`Site: Divider Colors 1`] = `
Object {
  "docs": "",
  "html": "<div style=\\"display: flex; flex-direction: column; padding: 3rem\\">
  <div><hr color=\\"white\\" class=\\"drac-divider drac-border-white\\" /></div>
  <div><hr color=\\"cyan\\" class=\\"drac-divider drac-border-cyan\\" /></div>
  <div><hr color=\\"green\\" class=\\"drac-divider drac-border-green\\" /></div>
  <div><hr color=\\"orange\\" class=\\"drac-divider drac-border-orange\\" /></div>
  <div><hr color=\\"pink\\" class=\\"drac-divider drac-border-pink\\" /></div>
  <div><hr color=\\"purple\\" class=\\"drac-divider drac-border-purple\\" /></div>
  <div><hr color=\\"red\\" class=\\"drac-divider drac-border-red\\" /></div>
  <div><hr color=\\"yellow\\" class=\\"drac-divider drac-border-yellow\\" /></div>
  <div>
    <hr color=\\"purpleCyan\\" class=\\"drac-divider drac-border-purple-cyan\\" />
  </div>
  <div>
    <hr color=\\"yellowPink\\" class=\\"drac-divider drac-border-yellow-pink\\" />
  </div>
  <div>
    <hr color=\\"cyanGreen\\" class=\\"drac-divider drac-border-cyan-green\\" />
  </div>
  <div>
    <hr color=\\"pinkPurple\\" class=\\"drac-divider drac-border-pink-purple\\" />
  </div>
  <div><hr color=\\"animated\\" class=\\"drac-divider drac-border-animated\\" /></div>
</div>
",
  "react": "<div style={{...}}>
  <div>
    <Divider color=\\"white\\" />
  </div>
  <div>
    <Divider color=\\"cyan\\" />
  </div>
  <div>
    <Divider color=\\"green\\" />
  </div>
  <div>
    <Divider color=\\"orange\\" />
  </div>
  <div>
    <Divider color=\\"pink\\" />
  </div>
  <div>
    <Divider color=\\"purple\\" />
  </div>
  <div>
    <Divider color=\\"red\\" />
  </div>
  <div>
    <Divider color=\\"yellow\\" />
  </div>
  <div>
    <Divider color=\\"purpleCyan\\" />
  </div>
  <div>
    <Divider color=\\"yellowPink\\" />
  </div>
  <div>
    <Divider color=\\"cyanGreen\\" />
  </div>
  <div>
    <Divider color=\\"pinkPurple\\" />
  </div>
  <div>
    <Divider color=\\"animated\\" />
  </div>
</div>",
  "title": "Colors",
}
`;
