// Jest Snapshot v1, https://goo.gl/fbAQLP

exports[`Site: Divider Basic Usage 1`] = `
Object {
  "docs": "Dividers are used to defined a thematic break in a page.",
  "html": "<hr color=\\"cyan\\" class=\\"drac-divider drac-bg-cyan\\" />
",
  "react": "<Divider color=\\"cyan\\" />;
",
  "title": "Usage",
}
`;

exports[`Site: Divider Colors 1`] = `
Object {
  "docs": "Dividers can be customized to use any of the Dracula UI theme colors.",
  "html": "<hr color=\\"yellow\\" class=\\"drac-divider drac-bg-yellow\\" />
",
  "react": "<Divider color=\\"yellow\\" />;
",
  "title": "Colors",
}
`;
