// Jest Snapshot v1, https://goo.gl/fbAQLP

exports[`Site: Text Basic Usage 1`] = `
Object {
  "docs": "",
  "html": "<span class=\\"drac-text drac-text drac-text drac-text-white\\">Text</span>
",
  "react": "<Text>Text</Text>;
",
  "title": "Usage",
}
`;

exports[`Site: Text Colors 1`] = `
Object {
  "docs": "",
  "html": "<div>
  <div style=\\"margin-bottom: 20px\\">
    <span color=\\"white\\" class=\\"drac-text drac-text drac-text drac-text-white\\"
      >white</span
    >
  </div>
  <div style=\\"margin-bottom: 20px\\">
    <span color=\\"cyan\\" class=\\"drac-text drac-text drac-text drac-text-cyan\\"
      >cyan</span
    >
  </div>
  <div style=\\"margin-bottom: 20px\\">
    <span color=\\"green\\" class=\\"drac-text drac-text drac-text drac-text-green\\"
      >green</span
    >
  </div>
  <div style=\\"margin-bottom: 20px\\">
    <span color=\\"orange\\" class=\\"drac-text drac-text drac-text drac-text-orange\\"
      >orange</span
    >
  </div>
  <div style=\\"margin-bottom: 20px\\">
    <span color=\\"pink\\" class=\\"drac-text drac-text drac-text drac-text-pink\\"
      >pink</span
    >
  </div>
  <div style=\\"margin-bottom: 20px\\">
    <span color=\\"purple\\" class=\\"drac-text drac-text drac-text drac-text-purple\\"
      >purple</span
    >
  </div>
  <div style=\\"margin-bottom: 20px\\">
    <span color=\\"red\\" class=\\"drac-text drac-text drac-text drac-text-red\\"
      >red</span
    >
  </div>
  <div style=\\"margin-bottom: 20px\\">
    <span color=\\"yellow\\" class=\\"drac-text drac-text drac-text drac-text-yellow\\"
      >yellow</span
    >
  </div>
  <div style=\\"margin-bottom: 20px\\">
    <span
      color=\\"purpleCyan\\"
      class=\\"drac-text drac-text drac-text drac-text-purple-cyan\\"
      >purpleCyan</span
    >
  </div>
  <div style=\\"margin-bottom: 20px\\">
    <span
      color=\\"yellowPink\\"
      class=\\"drac-text drac-text drac-text drac-text-yellow-pink\\"
      >yellowPink</span
    >
  </div>
  <div style=\\"margin-bottom: 20px\\">
    <span
      color=\\"cyanGreen\\"
      class=\\"drac-text drac-text drac-text drac-text-cyan-green\\"
      >cyanGreen</span
    >
  </div>
  <div style=\\"margin-bottom: 20px\\">
    <span
      color=\\"pinkPurple\\"
      class=\\"drac-text drac-text drac-text drac-text-pink-purple\\"
      >pinkPurple</span
    >
  </div>
  <div style=\\"margin-bottom: 20px\\">
    <span
      color=\\"animated\\"
      class=\\"drac-text drac-text drac-text drac-text-animated\\"
      >animated</span
    >
  </div>
</div>
",
  "react": "<div>
  <div style={{ marginBottom: 20 }}>
    <Text color=\\"white\\">white</Text>
  </div>
  <div style={{ marginBottom: 20 }}>
    <Text color=\\"cyan\\">cyan</Text>
  </div>
  <div style={{ marginBottom: 20 }}>
    <Text color=\\"green\\">green</Text>
  </div>
  <div style={{ marginBottom: 20 }}>
    <Text color=\\"orange\\">orange</Text>
  </div>
  <div style={{ marginBottom: 20 }}>
    <Text color=\\"pink\\">pink</Text>
  </div>
  <div style={{ marginBottom: 20 }}>
    <Text color=\\"purple\\">purple</Text>
  </div>
  <div style={{ marginBottom: 20 }}>
    <Text color=\\"red\\">red</Text>
  </div>
  <div style={{ marginBottom: 20 }}>
    <Text color=\\"yellow\\">yellow</Text>
  </div>
  <div style={{ marginBottom: 20 }}>
    <Text color=\\"purpleCyan\\">purpleCyan</Text>
  </div>
  <div style={{ marginBottom: 20 }}>
    <Text color=\\"yellowPink\\">yellowPink</Text>
  </div>
  <div style={{ marginBottom: 20 }}>
    <Text color=\\"cyanGreen\\">cyanGreen</Text>
  </div>
  <div style={{ marginBottom: 20 }}>
    <Text color=\\"pinkPurple\\">pinkPurple</Text>
  </div>
  <div style={{ marginBottom: 20 }}>
    <Text color=\\"animated\\">animated</Text>
  </div>
</div>;
",
  "title": "Colors",
}
`;

exports[`Site: Text Sizes 1`] = `
Object {
  "docs": "",
  "html": "<div>
  <div style=\\"margin-bottom: 20px\\">
    <span class=\\"drac-text drac-text-lg drac-text drac-text-white\\">large</span>
  </div>
  <div style=\\"margin-bottom: 20px\\">
    <span class=\\"drac-text drac-text drac-text drac-text-white\\">medium</span>
  </div>
  <div style=\\"margin-bottom: 20px\\">
    <span class=\\"drac-text drac-text-sm drac-text drac-text-white\\">small</span>
  </div>
  <div style=\\"margin-bottom: 20px\\">
    <span class=\\"drac-text drac-text-xs drac-text drac-text-white\\">xsmall</span>
  </div>
</div>
",
  "react": "<div>
  <div style={{ marginBottom: 20 }}>
    <Text size=\\"large\\">large</Text>
  </div>
  <div style={{ marginBottom: 20 }}>
    <Text size=\\"medium\\">medium</Text>
  </div>
  <div style={{ marginBottom: 20 }}>
    <Text size=\\"small\\">small</Text>
  </div>
  <div style={{ marginBottom: 20 }}>
    <Text size=\\"xsmall\\">xsmall</Text>
  </div>
</div>;
",
  "title": "Sizes",
}
`;

exports[`Site: Text Weights 1`] = `
Object {
  "docs": "",
  "html": "<div>
  <div style=\\"margin-bottom: 20px\\">
    <span weight=\\"normal\\" class=\\"drac-text drac-text drac-text drac-text-white\\"
      >normal</span
    >
  </div>
  <div style=\\"margin-bottom: 20px\\">
    <span
      weight=\\"semibold\\"
      class=\\"drac-text drac-text drac-text-semibold drac-text-white\\"
      >semibold</span
    >
  </div>
  <div style=\\"margin-bottom: 20px\\">
    <span
      weight=\\"bold\\"
      class=\\"drac-text drac-text drac-text-bold drac-text-white\\"
      >bold</span
    >
  </div>
</div>
",
  "react": "<div>
  <div style={{ marginBottom: 20 }}>
    <Text weight=\\"normal\\">normal</Text>
  </div>
  <div style={{ marginBottom: 20 }}>
    <Text weight=\\"semibold\\">semibold</Text>
  </div>
  <div style={{ marginBottom: 20 }}>
    <Text weight=\\"bold\\">bold</Text>
  </div>
</div>;
",
  "title": "Weights",
}
`;
