// Jest Snapshot v1, https://goo.gl/fbAQLP

exports[`Site: Badge Basic Usage 1`] = `
Object {
  "docs": "You can create a new Badge with any text content you'd like to highlight.",
  "html": "<span class=\\"drac-badge drac-bg-purple\\"
  ><span class=\\"drac-text drac-line-height drac-text-white\\">Badge</span></span
>
",
  "react": "<Badge>Badge</Badge>;
",
  "title": "Usage",
}
`;

exports[`Site: Badge Colors 1`] = `
Object {
  "docs": "Badges can be customized to use any of the Dracula UI theme colors, including all solid, gradient, and animated colors.",
  "html": "<span class=\\"drac-badge drac-bg-animated\\"
  ><span class=\\"drac-text drac-line-height drac-text-white\\"
    >Fun Badge</span
  ></span
>
",
  "react": "<Badge themeColor=\\"animated\\">Fun Badge</Badge>;
",
  "title": "Colors",
}
`;

exports[`Site: Badge Variants 1`] = `
Object {
  "docs": "Use \`outline\` or \`subtle\` when you don't want your Badges to stand out, but still want to keep them playful.",
  "html": "<div>
  <span
    class=\\"drac-badge drac-bg-orange drac-badge-outline drac-text-orange drac-m-sm\\"
    ><span class=\\"drac-text drac-line-height drac-text-orange\\"
      >Outline</span
    ></span
  ><span
    class=\\"drac-badge drac-bg-cyan-transparent drac-badge-subtle drac-text-cyan drac-m-sm\\"
    ><span class=\\"drac-text drac-line-height drac-text-cyan\\">Subtle</span></span
  >
</div>
",
  "react": "<div>
  <Badge m=\\"sm\\" themeColor=\\"orange\\" variant=\\"outline\\">
    Outline
  </Badge>
  <Badge m=\\"sm\\" themeColor=\\"cyan\\" variant=\\"subtle\\">
    Subtle
  </Badge>
</div>;
",
  "title": "Variants",
}
`;
