// Jest Snapshot v1, https://goo.gl/fbAQLP

exports[`Site: Button Basic Usage 1`] = `
Object {
  "docs": "",
  "html": "<button class=\\"drac-btn drac-bg-purple drac-btn\\" color=\\"purple\\">
  <span class=\\"drac-text drac-text drac-text drac-text-white\\">Dracula</span>
</button>
",
  "react": "<Button color=\\"purple\\">Dracula</Button>;
",
  "title": "Usage",
}
`;

exports[`Site: Button Colors 1`] = `
Object {
  "docs": "",
  "html": "<div class=\\"drac-box\\">
  <div style=\\"display: flex; justify-content: space-around\\" class=\\"drac-box\\">
    <button
      class=\\"drac-btn drac-bg-white drac-btn\\"
      color=\\"white\\"
      style=\\"margin: 1rem\\"
    >
      <span class=\\"drac-text drac-text drac-text drac-text-white\\"
        >Normal</span
      ></button
    ><button
      class=\\"drac-btn drac-bg-white drac-btn-outline drac-text-white\\"
      color=\\"white\\"
      style=\\"margin: 1rem\\"
      variant=\\"outline\\"
    >
      <span color=\\"white\\" class=\\"drac-text drac-text drac-text drac-text-white\\"
        >Outline</span
      ></button
    ><button
      class=\\"drac-btn drac-bg-white-transparent drac-btn-ghost drac-text-white\\"
      color=\\"white\\"
      style=\\"margin: 1rem\\"
      variant=\\"ghost\\"
    >
      <span color=\\"white\\" class=\\"drac-text drac-text drac-text drac-text-white\\"
        >Ghost</span
      >
    </button>
  </div>
  <div style=\\"display: flex; justify-content: space-around\\" class=\\"drac-box\\">
    <button
      class=\\"drac-btn drac-bg-cyan drac-btn\\"
      color=\\"cyan\\"
      style=\\"margin: 1rem\\"
    >
      <span class=\\"drac-text drac-text drac-text drac-text-white\\"
        >Normal</span
      ></button
    ><button
      class=\\"drac-btn drac-bg-cyan drac-btn-outline drac-text-cyan\\"
      color=\\"cyan\\"
      style=\\"margin: 1rem\\"
      variant=\\"outline\\"
    >
      <span color=\\"cyan\\" class=\\"drac-text drac-text drac-text drac-text-cyan\\"
        >Outline</span
      ></button
    ><button
      class=\\"drac-btn drac-bg-cyan-transparent drac-btn-ghost drac-text-cyan\\"
      color=\\"cyan\\"
      style=\\"margin: 1rem\\"
      variant=\\"ghost\\"
    >
      <span color=\\"cyan\\" class=\\"drac-text drac-text drac-text drac-text-cyan\\"
        >Ghost</span
      >
    </button>
  </div>
  <div style=\\"display: flex; justify-content: space-around\\" class=\\"drac-box\\">
    <button
      class=\\"drac-btn drac-bg-green drac-btn\\"
      color=\\"green\\"
      style=\\"margin: 1rem\\"
    >
      <span class=\\"drac-text drac-text drac-text drac-text-white\\"
        >Normal</span
      ></button
    ><button
      class=\\"drac-btn drac-bg-green drac-btn-outline drac-text-green\\"
      color=\\"green\\"
      style=\\"margin: 1rem\\"
      variant=\\"outline\\"
    >
      <span color=\\"green\\" class=\\"drac-text drac-text drac-text drac-text-green\\"
        >Outline</span
      ></button
    ><button
      class=\\"drac-btn drac-bg-green-transparent drac-btn-ghost drac-text-green\\"
      color=\\"green\\"
      style=\\"margin: 1rem\\"
      variant=\\"ghost\\"
    >
      <span color=\\"green\\" class=\\"drac-text drac-text drac-text drac-text-green\\"
        >Ghost</span
      >
    </button>
  </div>
  <div style=\\"display: flex; justify-content: space-around\\" class=\\"drac-box\\">
    <button
      class=\\"drac-btn drac-bg-orange drac-btn\\"
      color=\\"orange\\"
      style=\\"margin: 1rem\\"
    >
      <span class=\\"drac-text drac-text drac-text drac-text-white\\"
        >Normal</span
      ></button
    ><button
      class=\\"drac-btn drac-bg-orange drac-btn-outline drac-text-orange\\"
      color=\\"orange\\"
      style=\\"margin: 1rem\\"
      variant=\\"outline\\"
    >
      <span
        color=\\"orange\\"
        class=\\"drac-text drac-text drac-text drac-text-orange\\"
        >Outline</span
      ></button
    ><button
      class=\\"drac-btn drac-bg-orange-transparent drac-btn-ghost drac-text-orange\\"
      color=\\"orange\\"
      style=\\"margin: 1rem\\"
      variant=\\"ghost\\"
    >
      <span
        color=\\"orange\\"
        class=\\"drac-text drac-text drac-text drac-text-orange\\"
        >Ghost</span
      >
    </button>
  </div>
  <div style=\\"display: flex; justify-content: space-around\\" class=\\"drac-box\\">
    <button
      class=\\"drac-btn drac-bg-pink drac-btn\\"
      color=\\"pink\\"
      style=\\"margin: 1rem\\"
    >
      <span class=\\"drac-text drac-text drac-text drac-text-white\\"
        >Normal</span
      ></button
    ><button
      class=\\"drac-btn drac-bg-pink drac-btn-outline drac-text-pink\\"
      color=\\"pink\\"
      style=\\"margin: 1rem\\"
      variant=\\"outline\\"
    >
      <span color=\\"pink\\" class=\\"drac-text drac-text drac-text drac-text-pink\\"
        >Outline</span
      ></button
    ><button
      class=\\"drac-btn drac-bg-pink-transparent drac-btn-ghost drac-text-pink\\"
      color=\\"pink\\"
      style=\\"margin: 1rem\\"
      variant=\\"ghost\\"
    >
      <span color=\\"pink\\" class=\\"drac-text drac-text drac-text drac-text-pink\\"
        >Ghost</span
      >
    </button>
  </div>
  <div style=\\"display: flex; justify-content: space-around\\" class=\\"drac-box\\">
    <button
      class=\\"drac-btn drac-bg-purple drac-btn\\"
      color=\\"purple\\"
      style=\\"margin: 1rem\\"
    >
      <span class=\\"drac-text drac-text drac-text drac-text-white\\"
        >Normal</span
      ></button
    ><button
      class=\\"drac-btn drac-bg-purple drac-btn-outline drac-text-purple\\"
      color=\\"purple\\"
      style=\\"margin: 1rem\\"
      variant=\\"outline\\"
    >
      <span
        color=\\"purple\\"
        class=\\"drac-text drac-text drac-text drac-text-purple\\"
        >Outline</span
      ></button
    ><button
      class=\\"drac-btn drac-bg-purple-transparent drac-btn-ghost drac-text-purple\\"
      color=\\"purple\\"
      style=\\"margin: 1rem\\"
      variant=\\"ghost\\"
    >
      <span
        color=\\"purple\\"
        class=\\"drac-text drac-text drac-text drac-text-purple\\"
        >Ghost</span
      >
    </button>
  </div>
  <div style=\\"display: flex; justify-content: space-around\\" class=\\"drac-box\\">
    <button
      class=\\"drac-btn drac-bg-red drac-btn\\"
      color=\\"red\\"
      style=\\"margin: 1rem\\"
    >
      <span class=\\"drac-text drac-text drac-text drac-text-white\\"
        >Normal</span
      ></button
    ><button
      class=\\"drac-btn drac-bg-red drac-btn-outline drac-text-red\\"
      color=\\"red\\"
      style=\\"margin: 1rem\\"
      variant=\\"outline\\"
    >
      <span color=\\"red\\" class=\\"drac-text drac-text drac-text drac-text-red\\"
        >Outline</span
      ></button
    ><button
      class=\\"drac-btn drac-bg-red-transparent drac-btn-ghost drac-text-red\\"
      color=\\"red\\"
      style=\\"margin: 1rem\\"
      variant=\\"ghost\\"
    >
      <span color=\\"red\\" class=\\"drac-text drac-text drac-text drac-text-red\\"
        >Ghost</span
      >
    </button>
  </div>
  <div style=\\"display: flex; justify-content: space-around\\" class=\\"drac-box\\">
    <button
      class=\\"drac-btn drac-bg-yellow drac-btn\\"
      color=\\"yellow\\"
      style=\\"margin: 1rem\\"
    >
      <span class=\\"drac-text drac-text drac-text drac-text-white\\"
        >Normal</span
      ></button
    ><button
      class=\\"drac-btn drac-bg-yellow drac-btn-outline drac-text-yellow\\"
      color=\\"yellow\\"
      style=\\"margin: 1rem\\"
      variant=\\"outline\\"
    >
      <span
        color=\\"yellow\\"
        class=\\"drac-text drac-text drac-text drac-text-yellow\\"
        >Outline</span
      ></button
    ><button
      class=\\"drac-btn drac-bg-yellow-transparent drac-btn-ghost drac-text-yellow\\"
      color=\\"yellow\\"
      style=\\"margin: 1rem\\"
      variant=\\"ghost\\"
    >
      <span
        color=\\"yellow\\"
        class=\\"drac-text drac-text drac-text drac-text-yellow\\"
        >Ghost</span
      >
    </button>
  </div>
  <div style=\\"display: flex; justify-content: space-around\\" class=\\"drac-box\\">
    <button
      class=\\"drac-btn drac-bg-purple-cyan drac-btn\\"
      color=\\"purpleCyan\\"
      style=\\"margin: 1rem\\"
    >
      <span class=\\"drac-text drac-text drac-text drac-text-white\\"
        >Normal</span
      ></button
    ><button
      class=\\"drac-btn drac-bg-purple-cyan drac-btn-outline drac-text-purple-cyan\\"
      color=\\"purpleCyan\\"
      style=\\"margin: 1rem\\"
      variant=\\"outline\\"
    >
      <span
        color=\\"purpleCyan\\"
        class=\\"drac-text drac-text drac-text drac-text-purple-cyan\\"
        >Outline</span
      ></button
    ><button
      class=\\"drac-btn drac-bg-purple-cyan-transparent drac-btn-ghost drac-text-purple-cyan\\"
      color=\\"purpleCyan\\"
      style=\\"margin: 1rem\\"
      variant=\\"ghost\\"
    >
      <span
        color=\\"purpleCyan\\"
        class=\\"drac-text drac-text drac-text drac-text-purple-cyan\\"
        >Ghost</span
      >
    </button>
  </div>
  <div style=\\"display: flex; justify-content: space-around\\" class=\\"drac-box\\">
    <button
      class=\\"drac-btn drac-bg-yellow-pink drac-btn\\"
      color=\\"yellowPink\\"
      style=\\"margin: 1rem\\"
    >
      <span class=\\"drac-text drac-text drac-text drac-text-white\\"
        >Normal</span
      ></button
    ><button
      class=\\"drac-btn drac-bg-yellow-pink drac-btn-outline drac-text-yellow-pink\\"
      color=\\"yellowPink\\"
      style=\\"margin: 1rem\\"
      variant=\\"outline\\"
    >
      <span
        color=\\"yellowPink\\"
        class=\\"drac-text drac-text drac-text drac-text-yellow-pink\\"
        >Outline</span
      ></button
    ><button
      class=\\"drac-btn drac-bg-yellow-pink-transparent drac-btn-ghost drac-text-yellow-pink\\"
      color=\\"yellowPink\\"
      style=\\"margin: 1rem\\"
      variant=\\"ghost\\"
    >
      <span
        color=\\"yellowPink\\"
        class=\\"drac-text drac-text drac-text drac-text-yellow-pink\\"
        >Ghost</span
      >
    </button>
  </div>
  <div style=\\"display: flex; justify-content: space-around\\" class=\\"drac-box\\">
    <button
      class=\\"drac-btn drac-bg-cyan-green drac-btn\\"
      color=\\"cyanGreen\\"
      style=\\"margin: 1rem\\"
    >
      <span class=\\"drac-text drac-text drac-text drac-text-white\\"
        >Normal</span
      ></button
    ><button
      class=\\"drac-btn drac-bg-cyan-green drac-btn-outline drac-text-cyan-green\\"
      color=\\"cyanGreen\\"
      style=\\"margin: 1rem\\"
      variant=\\"outline\\"
    >
      <span
        color=\\"cyanGreen\\"
        class=\\"drac-text drac-text drac-text drac-text-cyan-green\\"
        >Outline</span
      ></button
    ><button
      class=\\"drac-btn drac-bg-cyan-green-transparent drac-btn-ghost drac-text-cyan-green\\"
      color=\\"cyanGreen\\"
      style=\\"margin: 1rem\\"
      variant=\\"ghost\\"
    >
      <span
        color=\\"cyanGreen\\"
        class=\\"drac-text drac-text drac-text drac-text-cyan-green\\"
        >Ghost</span
      >
    </button>
  </div>
  <div style=\\"display: flex; justify-content: space-around\\" class=\\"drac-box\\">
    <button
      class=\\"drac-btn drac-bg-pink-purple drac-btn\\"
      color=\\"pinkPurple\\"
      style=\\"margin: 1rem\\"
    >
      <span class=\\"drac-text drac-text drac-text drac-text-white\\"
        >Normal</span
      ></button
    ><button
      class=\\"drac-btn drac-bg-pink-purple drac-btn-outline drac-text-pink-purple\\"
      color=\\"pinkPurple\\"
      style=\\"margin: 1rem\\"
      variant=\\"outline\\"
    >
      <span
        color=\\"pinkPurple\\"
        class=\\"drac-text drac-text drac-text drac-text-pink-purple\\"
        >Outline</span
      ></button
    ><button
      class=\\"drac-btn drac-bg-pink-purple-transparent drac-btn-ghost drac-text-pink-purple\\"
      color=\\"pinkPurple\\"
      style=\\"margin: 1rem\\"
      variant=\\"ghost\\"
    >
      <span
        color=\\"pinkPurple\\"
        class=\\"drac-text drac-text drac-text drac-text-pink-purple\\"
        >Ghost</span
      >
    </button>
  </div>
  <div style=\\"display: flex; justify-content: space-around\\" class=\\"drac-box\\">
    <button
      class=\\"drac-btn drac-bg-animated drac-btn\\"
      color=\\"animated\\"
      style=\\"margin: 1rem\\"
    >
      <span class=\\"drac-text drac-text drac-text drac-text-white\\"
        >Normal</span
      ></button
    ><button
      class=\\"drac-btn drac-bg-animated drac-btn-outline drac-text-animated\\"
      color=\\"animated\\"
      style=\\"margin: 1rem\\"
      variant=\\"outline\\"
    >
      <span
        color=\\"animated\\"
        class=\\"drac-text drac-text drac-text drac-text-animated\\"
        >Outline</span
      ></button
    ><button
      class=\\"drac-btn drac-bg-animated-transparent drac-btn-ghost drac-text-animated\\"
      color=\\"animated\\"
      style=\\"margin: 1rem\\"
      variant=\\"ghost\\"
    >
      <span
        color=\\"animated\\"
        class=\\"drac-text drac-text drac-text drac-text-animated\\"
        >Ghost</span
      >
    </button>
  </div>
</div>
",
  "react": "<Box>
  <Box style={{ display: \\"flex\\", justifyContent: \\"space-around\\" }}>
    <Button color=\\"white\\" style={{ margin: \\"1rem\\" }}>
      Normal
    </Button>
    <Button color=\\"white\\" style={{ margin: \\"1rem\\" }} variant=\\"outline\\">
      Outline
    </Button>
    <Button color=\\"white\\" style={{ margin: \\"1rem\\" }} variant=\\"ghost\\">
      Ghost
    </Button>
  </Box>
  <Box style={{ display: \\"flex\\", justifyContent: \\"space-around\\" }}>
    <Button color=\\"cyan\\" style={{ margin: \\"1rem\\" }}>
      Normal
    </Button>
    <Button color=\\"cyan\\" style={{ margin: \\"1rem\\" }} variant=\\"outline\\">
      Outline
    </Button>
    <Button color=\\"cyan\\" style={{ margin: \\"1rem\\" }} variant=\\"ghost\\">
      Ghost
    </Button>
  </Box>
  <Box style={{ display: \\"flex\\", justifyContent: \\"space-around\\" }}>
    <Button color=\\"green\\" style={{ margin: \\"1rem\\" }}>
      Normal
    </Button>
    <Button color=\\"green\\" style={{ margin: \\"1rem\\" }} variant=\\"outline\\">
      Outline
    </Button>
    <Button color=\\"green\\" style={{ margin: \\"1rem\\" }} variant=\\"ghost\\">
      Ghost
    </Button>
  </Box>
  <Box style={{ display: \\"flex\\", justifyContent: \\"space-around\\" }}>
    <Button color=\\"orange\\" style={{ margin: \\"1rem\\" }}>
      Normal
    </Button>
    <Button color=\\"orange\\" style={{ margin: \\"1rem\\" }} variant=\\"outline\\">
      Outline
    </Button>
    <Button color=\\"orange\\" style={{ margin: \\"1rem\\" }} variant=\\"ghost\\">
      Ghost
    </Button>
  </Box>
  <Box style={{ display: \\"flex\\", justifyContent: \\"space-around\\" }}>
    <Button color=\\"pink\\" style={{ margin: \\"1rem\\" }}>
      Normal
    </Button>
    <Button color=\\"pink\\" style={{ margin: \\"1rem\\" }} variant=\\"outline\\">
      Outline
    </Button>
    <Button color=\\"pink\\" style={{ margin: \\"1rem\\" }} variant=\\"ghost\\">
      Ghost
    </Button>
  </Box>
  <Box style={{ display: \\"flex\\", justifyContent: \\"space-around\\" }}>
    <Button color=\\"purple\\" style={{ margin: \\"1rem\\" }}>
      Normal
    </Button>
    <Button color=\\"purple\\" style={{ margin: \\"1rem\\" }} variant=\\"outline\\">
      Outline
    </Button>
    <Button color=\\"purple\\" style={{ margin: \\"1rem\\" }} variant=\\"ghost\\">
      Ghost
    </Button>
  </Box>
  <Box style={{ display: \\"flex\\", justifyContent: \\"space-around\\" }}>
    <Button color=\\"red\\" style={{ margin: \\"1rem\\" }}>
      Normal
    </Button>
    <Button color=\\"red\\" style={{ margin: \\"1rem\\" }} variant=\\"outline\\">
      Outline
    </Button>
    <Button color=\\"red\\" style={{ margin: \\"1rem\\" }} variant=\\"ghost\\">
      Ghost
    </Button>
  </Box>
  <Box style={{ display: \\"flex\\", justifyContent: \\"space-around\\" }}>
    <Button color=\\"yellow\\" style={{ margin: \\"1rem\\" }}>
      Normal
    </Button>
    <Button color=\\"yellow\\" style={{ margin: \\"1rem\\" }} variant=\\"outline\\">
      Outline
    </Button>
    <Button color=\\"yellow\\" style={{ margin: \\"1rem\\" }} variant=\\"ghost\\">
      Ghost
    </Button>
  </Box>
  <Box style={{ display: \\"flex\\", justifyContent: \\"space-around\\" }}>
    <Button color=\\"purpleCyan\\" style={{ margin: \\"1rem\\" }}>
      Normal
    </Button>
    <Button color=\\"purpleCyan\\" style={{ margin: \\"1rem\\" }} variant=\\"outline\\">
      Outline
    </Button>
    <Button color=\\"purpleCyan\\" style={{ margin: \\"1rem\\" }} variant=\\"ghost\\">
      Ghost
    </Button>
  </Box>
  <Box style={{ display: \\"flex\\", justifyContent: \\"space-around\\" }}>
    <Button color=\\"yellowPink\\" style={{ margin: \\"1rem\\" }}>
      Normal
    </Button>
    <Button color=\\"yellowPink\\" style={{ margin: \\"1rem\\" }} variant=\\"outline\\">
      Outline
    </Button>
    <Button color=\\"yellowPink\\" style={{ margin: \\"1rem\\" }} variant=\\"ghost\\">
      Ghost
    </Button>
  </Box>
  <Box style={{ display: \\"flex\\", justifyContent: \\"space-around\\" }}>
    <Button color=\\"cyanGreen\\" style={{ margin: \\"1rem\\" }}>
      Normal
    </Button>
    <Button color=\\"cyanGreen\\" style={{ margin: \\"1rem\\" }} variant=\\"outline\\">
      Outline
    </Button>
    <Button color=\\"cyanGreen\\" style={{ margin: \\"1rem\\" }} variant=\\"ghost\\">
      Ghost
    </Button>
  </Box>
  <Box style={{ display: \\"flex\\", justifyContent: \\"space-around\\" }}>
    <Button color=\\"pinkPurple\\" style={{ margin: \\"1rem\\" }}>
      Normal
    </Button>
    <Button color=\\"pinkPurple\\" style={{ margin: \\"1rem\\" }} variant=\\"outline\\">
      Outline
    </Button>
    <Button color=\\"pinkPurple\\" style={{ margin: \\"1rem\\" }} variant=\\"ghost\\">
      Ghost
    </Button>
  </Box>
  <Box style={{ display: \\"flex\\", justifyContent: \\"space-around\\" }}>
    <Button color=\\"animated\\" style={{ margin: \\"1rem\\" }}>
      Normal
    </Button>
    <Button color=\\"animated\\" style={{ margin: \\"1rem\\" }} variant=\\"outline\\">
      Outline
    </Button>
    <Button color=\\"animated\\" style={{ margin: \\"1rem\\" }} variant=\\"ghost\\">
      Ghost
    </Button>
  </Box>
</Box>;
",
  "title": "Colors",
}
`;

exports[`Site: Button Variants 1`] = `
Object {
  "docs": "",
  "html": "<div class=\\"drac-box\\">
  <div style=\\"margin-bottom: 10px\\" class=\\"drac-box\\">
    <button
      class=\\"drac-btn drac-bg-purple drac-btn\\"
      variant=\\"normal\\"
      color=\\"purple\\"
    >
      <span class=\\"drac-text drac-text drac-text drac-text-white\\">normal</span>
    </button>
  </div>
  <div style=\\"margin-bottom: 10px\\" class=\\"drac-box\\">
    <button
      class=\\"drac-btn drac-bg-purple drac-btn-outline drac-text-purple\\"
      variant=\\"outline\\"
      color=\\"purple\\"
    >
      <span
        color=\\"purple\\"
        class=\\"drac-text drac-text drac-text drac-text-purple\\"
        >outline</span
      >
    </button>
  </div>
  <div style=\\"margin-bottom: 10px\\" class=\\"drac-box\\">
    <button
      class=\\"drac-btn drac-bg-purple-transparent drac-btn-ghost drac-text-purple\\"
      variant=\\"ghost\\"
      color=\\"purple\\"
    >
      <span
        color=\\"purple\\"
        class=\\"drac-text drac-text drac-text drac-text-purple\\"
        >ghost</span
      >
    </button>
  </div>
</div>
",
  "react": "<Box>
  <Box style={{ marginBottom: 10 }}>
    <Button variant=\\"normal\\" color=\\"purple\\">
      normal
    </Button>
  </Box>
  <Box style={{ marginBottom: 10 }}>
    <Button variant=\\"outline\\" color=\\"purple\\">
      outline
    </Button>
  </Box>
  <Box style={{ marginBottom: 10 }}>
    <Button variant=\\"ghost\\" color=\\"purple\\">
      ghost
    </Button>
  </Box>
</Box>;
",
  "title": "Variants",
}
`;
